**************************************************
Report         : svf_operation
                 -status accepted 

Reference      : r:/WORK/vending_top
Implementation : i:/WORK/vending_top
Version        : X-2025.06-SP3
Date           : Fri Jul 31 15:12:39 2026
**************************************************

## SVF Operation 1 (Line: 21) - environment.  Status: accepted
## Operation Id: 1
guide_environment \
  { { precompile_db_list /Tools/synopsys/syn/X-2025.06-SP2/libraries/syn/gtech.db } } 

## SVF Operation 2 (Line: 25) - environment.  Status: accepted
## Operation Id: 2
guide_environment \
  { { dc_product_version X-2025.06-SP2 } \
    { dc_product_build_date { Aug 27, 2025 } } \
    { bus_dimension_separator_style ][ } \
    { bus_extraction_style %s\[%d:%d\] } \
    { bus_multiple_separator_style , } \
    { bus_naming_style %s[%d] } \
    { bus_range_separator_style : } \
    { dc_allow_rtl_pg false } \
    { hdlin_allow_4state_parameters TRUE } \
    { hdlin_unified_rtl_read FALSE } \
    { hdlin_enable_hier_naming FALSE } \
    { hdlin_enable_upf_compatible_naming FALSE } \
    { hdlin_vhdl_preserve_case FALSE } \
    { hdlin_generate_naming_style %s_%d } \
    { hdlin_generate_separator_style _ } \
    { hdlin_infer_enumerated_types FALSE } \
    { hdlin_interface_port_downto FALSE } \
    { hdlin_optimize_enum_types FALSE } \
    { hdlin_preserve_sequential none } \
    { hdlin_sverilog_std 2017 } \
    { hdlin_sv_packages dont_chain } \
    { hdlin_sv_union_member_naming FALSE } \
    { hdlin_vhdl_std 2008 } \
    { hdlin_vrlg_std 2005 } \
    { hdlin_v2005_replication_semantics TRUE } \
    { hdlin_while_loop_iterations 4096 } \
    { hdlin_enable_verilog_configurations_canonical TRUE } \
    { hdlin_enable_verilog_configurations_array_n_block TRUE } \
    { hdlin_enable_persistent_macros FALSE } \
    { hdlin_persistent_macros_filename syn_auto_generated_macro_file.sv } \
    { link_portname_allow_period_to_match_underscore false } \
    { link_portname_allow_square_bracket_to_match_underscore false } \
    { port_complement_naming_style %s_BAR } \
    { simplified_verification_mode FALSE } \
    { template_naming_style %s_%p } \
    { template_parameter_style %s%d } \
    { template_separator_style _ } \
    { upf_iso_filter_elements_with_applies_to ENABLE } \
    { upf_isols_allow_instances_in_elements true } \
    { link_library { * saed32rvt_tt1p05v25c.db dw_foundation.sldb } } \
    { target_library saed32rvt_tt1p05v25c.db } \
    { search_path { . /Tools/synopsys/syn/X-2025.06-SP2/libraries/syn /Tools/synopsys/syn/X-2025.06-SP2/dw/syn_ver /Tools/synopsys/syn/X-2025.06-SP2/dw/sim_ver /home/anderson.pereira/CIExpert/git-pessoal/assignments/vending_machine/libs } } \
    { hdlin_fmsvf_enable_div_by_pow2 true } \
    { synopsys_root /Tools/synopsys/syn/X-2025.06-SP2 } \
    { cwd /home/anderson.pereira/CIExpert/git-pessoal/assignments/vending_machine/build/synthesis } \
    { current_design vending_top } \
    { compile_seqmap_propagate_high_effort true } } 

## SVF Operation 3 (Line: 75) - change_names.  Status: accepted
## Operation Id: 3
guide_change_names \
  -design { memory } \
  { { cell sub_34 sub_x_1 } } 

## SVF Operation 4 (Line: 80) - reg_constant.  Status: accepted
## Operation Id: 4
guide_reg_constant \
  -design { memory } \
  -replaced { svfTrue } \
  { mem_array_reg[3][price][0] } \
  { 0 } 

## SVF Operation 5 (Line: 87) - reg_constant.  Status: accepted
## Operation Id: 5
guide_reg_constant \
  -design { memory } \
  -replaced { svfTrue } \
  { mem_array_reg[3][price][1] } \
  { 0 } 

## SVF Operation 6 (Line: 94) - reg_constant.  Status: accepted
## Operation Id: 6
guide_reg_constant \
  -design { memory } \
  -replaced { svfTrue } \
  { mem_array_reg[3][price][2] } \
  { 1 } 

## SVF Operation 7 (Line: 101) - reg_constant.  Status: accepted
## Operation Id: 7
guide_reg_constant \
  -design { memory } \
  -replaced { svfTrue } \
  { mem_array_reg[3][price][3] } \
  { 0 } 

## SVF Operation 8 (Line: 108) - reg_constant.  Status: accepted
## Operation Id: 8
guide_reg_constant \
  -design { memory } \
  -replaced { svfTrue } \
  { mem_array_reg[3][price][4] } \
  { 0 } 

## SVF Operation 9 (Line: 115) - reg_constant.  Status: accepted
## Operation Id: 9
guide_reg_constant \
  -design { memory } \
  -replaced { svfTrue } \
  { mem_array_reg[3][price][5] } \
  { 1 } 

## SVF Operation 10 (Line: 122) - reg_constant.  Status: accepted
## Operation Id: 10
guide_reg_constant \
  -design { memory } \
  -replaced { svfTrue } \
  { mem_array_reg[3][price][6] } \
  { 1 } 

## SVF Operation 11 (Line: 129) - reg_constant.  Status: accepted
## Operation Id: 11
guide_reg_constant \
  -design { memory } \
  -replaced { svfTrue } \
  { mem_array_reg[3][price][7] } \
  { 0 } 

## SVF Operation 12 (Line: 136) - reg_constant.  Status: accepted
## Operation Id: 12
guide_reg_constant \
  -design { memory } \
  -replaced { svfTrue } \
  { mem_array_reg[2][price][0] } \
  { 1 } 

## SVF Operation 13 (Line: 143) - reg_constant.  Status: accepted
## Operation Id: 13
guide_reg_constant \
  -design { memory } \
  -replaced { svfTrue } \
  { mem_array_reg[2][price][1] } \
  { 1 } 

## SVF Operation 14 (Line: 150) - reg_constant.  Status: accepted
## Operation Id: 14
guide_reg_constant \
  -design { memory } \
  -replaced { svfTrue } \
  { mem_array_reg[2][price][2] } \
  { 0 } 

## SVF Operation 15 (Line: 157) - reg_constant.  Status: accepted
## Operation Id: 15
guide_reg_constant \
  -design { memory } \
  -replaced { svfTrue } \
  { mem_array_reg[2][price][3] } \
  { 1 } 

## SVF Operation 16 (Line: 164) - reg_constant.  Status: accepted
## Operation Id: 16
guide_reg_constant \
  -design { memory } \
  -replaced { svfTrue } \
  { mem_array_reg[2][price][4] } \
  { 0 } 

## SVF Operation 17 (Line: 171) - reg_constant.  Status: accepted
## Operation Id: 17
guide_reg_constant \
  -design { memory } \
  -replaced { svfTrue } \
  { mem_array_reg[2][price][5] } \
  { 0 } 

## SVF Operation 18 (Line: 178) - reg_constant.  Status: accepted
## Operation Id: 18
guide_reg_constant \
  -design { memory } \
  -replaced { svfTrue } \
  { mem_array_reg[2][price][6] } \
  { 1 } 

## SVF Operation 19 (Line: 185) - reg_constant.  Status: accepted
## Operation Id: 19
guide_reg_constant \
  -design { memory } \
  -replaced { svfTrue } \
  { mem_array_reg[2][price][7] } \
  { 0 } 

## SVF Operation 20 (Line: 192) - reg_constant.  Status: accepted
## Operation Id: 20
guide_reg_constant \
  -design { memory } \
  -replaced { svfTrue } \
  { mem_array_reg[1][price][0] } \
  { 0 } 

## SVF Operation 21 (Line: 199) - reg_constant.  Status: accepted
## Operation Id: 21
guide_reg_constant \
  -design { memory } \
  -replaced { svfTrue } \
  { mem_array_reg[1][price][1] } \
  { 1 } 

## SVF Operation 22 (Line: 206) - reg_constant.  Status: accepted
## Operation Id: 22
guide_reg_constant \
  -design { memory } \
  -replaced { svfTrue } \
  { mem_array_reg[1][price][2] } \
  { 0 } 

## SVF Operation 23 (Line: 213) - reg_constant.  Status: accepted
## Operation Id: 23
guide_reg_constant \
  -design { memory } \
  -replaced { svfTrue } \
  { mem_array_reg[1][price][3] } \
  { 0 } 

## SVF Operation 24 (Line: 220) - reg_constant.  Status: accepted
## Operation Id: 24
guide_reg_constant \
  -design { memory } \
  -replaced { svfTrue } \
  { mem_array_reg[1][price][4] } \
  { 1 } 

## SVF Operation 25 (Line: 227) - reg_constant.  Status: accepted
## Operation Id: 25
guide_reg_constant \
  -design { memory } \
  -replaced { svfTrue } \
  { mem_array_reg[1][price][5] } \
  { 1 } 

## SVF Operation 26 (Line: 234) - reg_constant.  Status: accepted
## Operation Id: 26
guide_reg_constant \
  -design { memory } \
  -replaced { svfTrue } \
  { mem_array_reg[1][price][6] } \
  { 0 } 

## SVF Operation 27 (Line: 241) - reg_constant.  Status: accepted
## Operation Id: 27
guide_reg_constant \
  -design { memory } \
  -replaced { svfTrue } \
  { mem_array_reg[1][price][7] } \
  { 0 } 

## SVF Operation 28 (Line: 248) - reg_constant.  Status: accepted
## Operation Id: 28
guide_reg_constant \
  -design { memory } \
  -replaced { svfTrue } \
  { mem_array_reg[0][price][0] } \
  { 1 } 

## SVF Operation 29 (Line: 255) - reg_constant.  Status: accepted
## Operation Id: 29
guide_reg_constant \
  -design { memory } \
  -replaced { svfTrue } \
  { mem_array_reg[0][price][1] } \
  { 0 } 

## SVF Operation 30 (Line: 262) - reg_constant.  Status: accepted
## Operation Id: 30
guide_reg_constant \
  -design { memory } \
  -replaced { svfTrue } \
  { mem_array_reg[0][price][2] } \
  { 0 } 

## SVF Operation 31 (Line: 269) - reg_constant.  Status: accepted
## Operation Id: 31
guide_reg_constant \
  -design { memory } \
  -replaced { svfTrue } \
  { mem_array_reg[0][price][3] } \
  { 1 } 

## SVF Operation 32 (Line: 276) - reg_constant.  Status: accepted
## Operation Id: 32
guide_reg_constant \
  -design { memory } \
  -replaced { svfTrue } \
  { mem_array_reg[0][price][4] } \
  { 1 } 

## SVF Operation 33 (Line: 283) - reg_constant.  Status: accepted
## Operation Id: 33
guide_reg_constant \
  -design { memory } \
  -replaced { svfTrue } \
  { mem_array_reg[0][price][5] } \
  { 0 } 

## SVF Operation 34 (Line: 290) - reg_constant.  Status: accepted
## Operation Id: 34
guide_reg_constant \
  -design { memory } \
  -replaced { svfTrue } \
  { mem_array_reg[0][price][6] } \
  { 0 } 

## SVF Operation 35 (Line: 297) - reg_constant.  Status: accepted
## Operation Id: 35
guide_reg_constant \
  -design { memory } \
  -replaced { svfTrue } \
  { mem_array_reg[0][price][7] } \
  { 0 } 

## SVF Operation 36 (Line: 304) - reg_constant.  Status: accepted
## Operation Id: 36
guide_reg_constant \
  -design { memory } \
  -replaced { svfTrue } \
  { item_info_reg[price][7] } \
  { 0 } 

## SVF Operation 37 (Line: 311) - change_names.  Status: accepted
## Operation Id: 37
guide_change_names \
  -design { credit_reg } \
  { { cell add_27 add_x_2 } } 

## SVF Operation 38 (Line: 316) - change_names.  Status: accepted
## Operation Id: 38
guide_change_names \
  -design { comparator } \
  { { cell gte_9 gte_x_1 } } 

## SVF Operation 39 (Line: 321) - change_names.  Status: accepted
## Operation Id: 39
guide_change_names \
  -design { comparator } \
  { { cell gt_9 gt_x_2 } } 

## SVF Operation 40 (Line: 326) - change_names.  Status: accepted
## Operation Id: 40
guide_change_names \
  -design { subtractor } \
  { { cell sub_8 sub_x_1 } } 

## SVF Operation 41 (Line: 331) - environment.  Status: accepted
## Operation Id: 41
guide_environment \
  { { postcompile_db_list /home/anderson.pereira/CIExpert/git-pessoal/assignments/vending_machine/libs/saed32rvt_tt1p05v25c.db } } 

## SVF Operation 42 (Line: 335) - environment.  Status: accepted
## Operation Id: 42
guide_environment \
  { { write_file { -format verilog -hierarchy -output /home/anderson.pereira/CIExpert/git-pessoal/assignments/vending_machine/build/synthesis/vending_top_syn.v } } \
    { write_file { -format ddc -hierarchy -output /home/anderson.pereira/CIExpert/git-pessoal/assignments/vending_machine/build/synthesis/vending_top.ddc } } \
    { compile_seqmap_propagate_high_effort true } } 

1
