 
****************************************
Report : timing
        -path full
        -delay min
        -max_paths 10
Design : vending_top
Version: X-2025.06-SP2
Date   : Fri Jul 17 19:01:30 2026
****************************************

Operating Conditions: tt1p05v25c   Library: saed32rvt_tt1p05v25c
Wire Load Model Mode: enclosed

  Startpoint: u_control_unit/current_state_reg[0]
              (rising edge-triggered flip-flop clocked by clk)
  Endpoint: u_control_unit/current_state_reg[2]
            (rising edge-triggered flip-flop clocked by clk)
  Path Group: clk
  Path Type: min

  Des/Clust/Port     Wire Load Model       Library
  ------------------------------------------------
  vending_top        8000                  saed32rvt_tt1p05v25c
  control_unit       ForQA                 saed32rvt_tt1p05v25c

  Point                                                   Incr       Path
  --------------------------------------------------------------------------
  clock clk (rise edge)                                   0.00       0.00
  clock network delay (ideal)                             0.00       0.00
  u_control_unit/current_state_reg[0]/CLK (DFFSSRX1_RVT)
                                                          0.00       0.00 r
  u_control_unit/current_state_reg[0]/QN (DFFSSRX1_RVT)
                                                          0.08       0.08 f
  u_control_unit/U4/Y (AO21X1_RVT)                        0.06       0.14 f
  u_control_unit/current_state_reg[2]/SETB (DFFSSRX1_RVT)
                                                          0.01       0.16 f
  data arrival time                                                  0.16

  clock clk (rise edge)                                   0.00       0.00
  clock network delay (ideal)                             0.00       0.00
  clock uncertainty                                       0.05       0.05
  u_control_unit/current_state_reg[2]/CLK (DFFSSRX1_RVT)
                                                          0.00       0.05 r
  library hold time                                       0.03       0.08
  data required time                                                 0.08
  --------------------------------------------------------------------------
  data required time                                                 0.08
  data arrival time                                                 -0.16
  --------------------------------------------------------------------------
  slack (MET)                                                        0.08


  Startpoint: u_credit_reg/credit_reg[4]
              (rising edge-triggered flip-flop clocked by clk)
  Endpoint: u_credit_reg/credit_reg[4]
            (rising edge-triggered flip-flop clocked by clk)
  Path Group: clk
  Path Type: min

  Des/Clust/Port     Wire Load Model       Library
  ------------------------------------------------
  vending_top        8000                  saed32rvt_tt1p05v25c
  credit_reg         ForQA                 saed32rvt_tt1p05v25c

  Point                                                   Incr       Path
  --------------------------------------------------------------------------
  clock clk (rise edge)                                   0.00       0.00
  clock network delay (ideal)                             0.00       0.00
  u_credit_reg/credit_reg[4]/CLK (DFFX1_RVT)              0.00       0.00 r
  u_credit_reg/credit_reg[4]/QN (DFFX1_RVT)               0.06       0.06 f
  u_credit_reg/U34/Y (OA221X1_RVT)                        0.06       0.12 f
  u_credit_reg/credit_reg[4]/D (DFFX1_RVT)                0.01       0.13 f
  data arrival time                                                  0.13

  clock clk (rise edge)                                   0.00       0.00
  clock network delay (ideal)                             0.00       0.00
  clock uncertainty                                       0.05       0.05
  u_credit_reg/credit_reg[4]/CLK (DFFX1_RVT)              0.00       0.05 r
  library hold time                                      -0.01       0.04
  data required time                                                 0.04
  --------------------------------------------------------------------------
  data required time                                                 0.04
  data arrival time                                                 -0.13
  --------------------------------------------------------------------------
  slack (MET)                                                        0.09


  Startpoint: u_credit_reg/credit_reg[3]
              (rising edge-triggered flip-flop clocked by clk)
  Endpoint: u_credit_reg/credit_reg[3]
            (rising edge-triggered flip-flop clocked by clk)
  Path Group: clk
  Path Type: min

  Des/Clust/Port     Wire Load Model       Library
  ------------------------------------------------
  vending_top        8000                  saed32rvt_tt1p05v25c
  credit_reg         ForQA                 saed32rvt_tt1p05v25c

  Point                                                   Incr       Path
  --------------------------------------------------------------------------
  clock clk (rise edge)                                   0.00       0.00
  clock network delay (ideal)                             0.00       0.00
  u_credit_reg/credit_reg[3]/CLK (DFFX1_RVT)              0.00       0.00 r
  u_credit_reg/credit_reg[3]/QN (DFFX1_RVT)               0.06       0.06 f
  u_credit_reg/U27/Y (OA221X1_RVT)                        0.06       0.12 f
  u_credit_reg/credit_reg[3]/D (DFFX1_RVT)                0.01       0.13 f
  data arrival time                                                  0.13

  clock clk (rise edge)                                   0.00       0.00
  clock network delay (ideal)                             0.00       0.00
  clock uncertainty                                       0.05       0.05
  u_credit_reg/credit_reg[3]/CLK (DFFX1_RVT)              0.00       0.05 r
  library hold time                                      -0.01       0.04
  data required time                                                 0.04
  --------------------------------------------------------------------------
  data required time                                                 0.04
  data arrival time                                                 -0.13
  --------------------------------------------------------------------------
  slack (MET)                                                        0.09


  Startpoint: u_credit_reg/credit_reg[2]
              (rising edge-triggered flip-flop clocked by clk)
  Endpoint: u_credit_reg/credit_reg[2]
            (rising edge-triggered flip-flop clocked by clk)
  Path Group: clk
  Path Type: min

  Des/Clust/Port     Wire Load Model       Library
  ------------------------------------------------
  vending_top        8000                  saed32rvt_tt1p05v25c
  credit_reg         ForQA                 saed32rvt_tt1p05v25c

  Point                                                   Incr       Path
  --------------------------------------------------------------------------
  clock clk (rise edge)                                   0.00       0.00
  clock network delay (ideal)                             0.00       0.00
  u_credit_reg/credit_reg[2]/CLK (DFFX1_RVT)              0.00       0.00 r
  u_credit_reg/credit_reg[2]/QN (DFFX1_RVT)               0.06       0.06 f
  u_credit_reg/U21/Y (OA221X1_RVT)                        0.06       0.12 f
  u_credit_reg/credit_reg[2]/D (DFFX1_RVT)                0.01       0.13 f
  data arrival time                                                  0.13

  clock clk (rise edge)                                   0.00       0.00
  clock network delay (ideal)                             0.00       0.00
  clock uncertainty                                       0.05       0.05
  u_credit_reg/credit_reg[2]/CLK (DFFX1_RVT)              0.00       0.05 r
  library hold time                                      -0.01       0.04
  data required time                                                 0.04
  --------------------------------------------------------------------------
  data required time                                                 0.04
  data arrival time                                                 -0.13
  --------------------------------------------------------------------------
  slack (MET)                                                        0.09


  Startpoint: u_credit_reg/credit_reg[1]
              (rising edge-triggered flip-flop clocked by clk)
  Endpoint: u_credit_reg/credit_reg[1]
            (rising edge-triggered flip-flop clocked by clk)
  Path Group: clk
  Path Type: min

  Des/Clust/Port     Wire Load Model       Library
  ------------------------------------------------
  vending_top        8000                  saed32rvt_tt1p05v25c
  credit_reg         ForQA                 saed32rvt_tt1p05v25c

  Point                                                   Incr       Path
  --------------------------------------------------------------------------
  clock clk (rise edge)                                   0.00       0.00
  clock network delay (ideal)                             0.00       0.00
  u_credit_reg/credit_reg[1]/CLK (DFFX1_RVT)              0.00       0.00 r
  u_credit_reg/credit_reg[1]/QN (DFFX1_RVT)               0.06       0.06 f
  u_credit_reg/U17/Y (OA221X1_RVT)                        0.06       0.12 f
  u_credit_reg/credit_reg[1]/D (DFFX1_RVT)                0.01       0.13 f
  data arrival time                                                  0.13

  clock clk (rise edge)                                   0.00       0.00
  clock network delay (ideal)                             0.00       0.00
  clock uncertainty                                       0.05       0.05
  u_credit_reg/credit_reg[1]/CLK (DFFX1_RVT)              0.00       0.05 r
  library hold time                                      -0.01       0.04
  data required time                                                 0.04
  --------------------------------------------------------------------------
  data required time                                                 0.04
  data arrival time                                                 -0.13
  --------------------------------------------------------------------------
  slack (MET)                                                        0.09


  Startpoint: u_credit_reg/credit_reg[0]
              (rising edge-triggered flip-flop clocked by clk)
  Endpoint: u_credit_reg/credit_reg[0]
            (rising edge-triggered flip-flop clocked by clk)
  Path Group: clk
  Path Type: min

  Des/Clust/Port     Wire Load Model       Library
  ------------------------------------------------
  vending_top        8000                  saed32rvt_tt1p05v25c
  credit_reg         ForQA                 saed32rvt_tt1p05v25c

  Point                                                   Incr       Path
  --------------------------------------------------------------------------
  clock clk (rise edge)                                   0.00       0.00
  clock network delay (ideal)                             0.00       0.00
  u_credit_reg/credit_reg[0]/CLK (DFFX1_RVT)              0.00       0.00 r
  u_credit_reg/credit_reg[0]/QN (DFFX1_RVT)               0.06       0.06 f
  u_credit_reg/U12/Y (OA221X1_RVT)                        0.06       0.12 f
  u_credit_reg/credit_reg[0]/D (DFFX1_RVT)                0.01       0.13 f
  data arrival time                                                  0.13

  clock clk (rise edge)                                   0.00       0.00
  clock network delay (ideal)                             0.00       0.00
  clock uncertainty                                       0.05       0.05
  u_credit_reg/credit_reg[0]/CLK (DFFX1_RVT)              0.00       0.05 r
  library hold time                                      -0.01       0.04
  data required time                                                 0.04
  --------------------------------------------------------------------------
  data required time                                                 0.04
  data arrival time                                                 -0.13
  --------------------------------------------------------------------------
  slack (MET)                                                        0.09


  Startpoint: u_control_unit/current_state_reg[0]
              (rising edge-triggered flip-flop clocked by clk)
  Endpoint: u_control_unit/current_state_reg[0]
            (rising edge-triggered flip-flop clocked by clk)
  Path Group: clk
  Path Type: min

  Des/Clust/Port     Wire Load Model       Library
  ------------------------------------------------
  vending_top        8000                  saed32rvt_tt1p05v25c
  control_unit       ForQA                 saed32rvt_tt1p05v25c

  Point                                                   Incr       Path
  --------------------------------------------------------------------------
  clock clk (rise edge)                                   0.00       0.00
  clock network delay (ideal)                             0.00       0.00
  u_control_unit/current_state_reg[0]/CLK (DFFSSRX1_RVT)
                                                          0.00       0.00 r
  u_control_unit/current_state_reg[0]/Q (DFFSSRX1_RVT)
                                                          0.09       0.09 r
  u_control_unit/U3/Y (OAI222X1_RVT)                      0.07       0.15 f
  u_control_unit/current_state_reg[0]/SETB (DFFSSRX1_RVT)
                                                          0.01       0.16 f
  data arrival time                                                  0.16

  clock clk (rise edge)                                   0.00       0.00
  clock network delay (ideal)                             0.00       0.00
  clock uncertainty                                       0.05       0.05
  u_control_unit/current_state_reg[0]/CLK (DFFSSRX1_RVT)
                                                          0.00       0.05 r
  library hold time                                       0.02       0.07
  data required time                                                 0.07
  --------------------------------------------------------------------------
  data required time                                                 0.07
  data arrival time                                                 -0.16
  --------------------------------------------------------------------------
  slack (MET)                                                        0.09


  Startpoint: u_memory/item_info_reg[stock][4]
              (rising edge-triggered flip-flop clocked by clk)
  Endpoint: u_memory/item_info_reg[stock][4]
            (rising edge-triggered flip-flop clocked by clk)
  Path Group: clk
  Path Type: min

  Des/Clust/Port     Wire Load Model       Library
  ------------------------------------------------
  vending_top        8000                  saed32rvt_tt1p05v25c
  memory             8000                  saed32rvt_tt1p05v25c

  Point                                                   Incr       Path
  --------------------------------------------------------------------------
  clock clk (rise edge)                                   0.00       0.00
  clock network delay (ideal)                             0.00       0.00
  u_memory/item_info_reg[stock][4]/CLK (DFFX1_RVT)        0.00       0.00 r
  u_memory/item_info_reg[stock][4]/Q (DFFX1_RVT)          0.08       0.08 f
  u_memory/U21/Y (AO22X1_RVT)                             0.05       0.13 f
  u_memory/item_info_reg[stock][4]/D (DFFX1_RVT)          0.01       0.14 f
  data arrival time                                                  0.14

  clock clk (rise edge)                                   0.00       0.00
  clock network delay (ideal)                             0.00       0.00
  clock uncertainty                                       0.05       0.05
  u_memory/item_info_reg[stock][4]/CLK (DFFX1_RVT)        0.00       0.05 r
  library hold time                                      -0.01       0.04
  data required time                                                 0.04
  --------------------------------------------------------------------------
  data required time                                                 0.04
  data arrival time                                                 -0.14
  --------------------------------------------------------------------------
  slack (MET)                                                        0.10


  Startpoint: u_memory/item_info_reg[stock][0]
              (rising edge-triggered flip-flop clocked by clk)
  Endpoint: u_memory/item_info_reg[stock][0]
            (rising edge-triggered flip-flop clocked by clk)
  Path Group: clk
  Path Type: min

  Des/Clust/Port     Wire Load Model       Library
  ------------------------------------------------
  vending_top        8000                  saed32rvt_tt1p05v25c
  memory             8000                  saed32rvt_tt1p05v25c

  Point                                                   Incr       Path
  --------------------------------------------------------------------------
  clock clk (rise edge)                                   0.00       0.00
  clock network delay (ideal)                             0.00       0.00
  u_memory/item_info_reg[stock][0]/CLK (DFFX1_RVT)        0.00       0.00 r
  u_memory/item_info_reg[stock][0]/Q (DFFX1_RVT)          0.08       0.08 f
  u_memory/U13/Y (AO22X1_RVT)                             0.05       0.13 f
  u_memory/item_info_reg[stock][0]/D (DFFX1_RVT)          0.01       0.14 f
  data arrival time                                                  0.14

  clock clk (rise edge)                                   0.00       0.00
  clock network delay (ideal)                             0.00       0.00
  clock uncertainty                                       0.05       0.05
  u_memory/item_info_reg[stock][0]/CLK (DFFX1_RVT)        0.00       0.05 r
  library hold time                                      -0.01       0.04
  data required time                                                 0.04
  --------------------------------------------------------------------------
  data required time                                                 0.04
  data arrival time                                                 -0.14
  --------------------------------------------------------------------------
  slack (MET)                                                        0.10


  Startpoint: u_memory/mem_array_reg[3][stock][2]
              (rising edge-triggered flip-flop clocked by clk)
  Endpoint: u_memory/mem_array_reg[3][stock][2]
            (rising edge-triggered flip-flop clocked by clk)
  Path Group: clk
  Path Type: min

  Des/Clust/Port     Wire Load Model       Library
  ------------------------------------------------
  vending_top        8000                  saed32rvt_tt1p05v25c
  memory             8000                  saed32rvt_tt1p05v25c

  Point                                                   Incr       Path
  --------------------------------------------------------------------------
  clock clk (rise edge)                                   0.00       0.00
  clock network delay (ideal)                             0.00       0.00
  u_memory/mem_array_reg[3][stock][2]/CLK (DFFX1_RVT)     0.00       0.00 r
  u_memory/mem_array_reg[3][stock][2]/Q (DFFX1_RVT)       0.08       0.08 f
  u_memory/U47/Y (AO22X1_RVT)                             0.05       0.13 f
  u_memory/mem_array_reg[3][stock][2]/D (DFFX1_RVT)       0.01       0.14 f
  data arrival time                                                  0.14

  clock clk (rise edge)                                   0.00       0.00
  clock network delay (ideal)                             0.00       0.00
  clock uncertainty                                       0.05       0.05
  u_memory/mem_array_reg[3][stock][2]/CLK (DFFX1_RVT)     0.00       0.05 r
  library hold time                                      -0.01       0.04
  data required time                                                 0.04
  --------------------------------------------------------------------------
  data required time                                                 0.04
  data arrival time                                                 -0.14
  --------------------------------------------------------------------------
  slack (MET)                                                        0.10


1
