 
****************************************
Report : timing
        -path full
        -delay max
        -max_paths 10
Design : vending_top
Version: X-2025.06-SP2
Date   : Fri Jul 17 19:01:30 2026
****************************************

Operating Conditions: tt1p05v25c   Library: saed32rvt_tt1p05v25c
Wire Load Model Mode: enclosed

  Startpoint: coin_in[1] (input port clocked by clk)
  Endpoint: u_credit_reg/credit_reg[7]
            (rising edge-triggered flip-flop clocked by clk)
  Path Group: clk
  Path Type: max

  Des/Clust/Port     Wire Load Model       Library
  ------------------------------------------------
  vending_top        8000                  saed32rvt_tt1p05v25c
  credit_reg         ForQA                 saed32rvt_tt1p05v25c

  Point                                                   Incr       Path
  --------------------------------------------------------------------------
  clock clk (rise edge)                                   0.00       0.00
  clock network delay (ideal)                             0.00       0.00
  input external delay                                    3.00       3.00 r
  coin_in[1] (in)                                         0.00       3.00 r
  u_credit_reg/coin_in[1] (credit_reg)                    0.00       3.00 r
  u_credit_reg/U6/Y (INVX0_RVT)                           0.06       3.06 f
  u_credit_reg/U7/Y (NAND2X0_RVT)                         0.06       3.12 r
  u_credit_reg/U8/Y (INVX0_RVT)                           0.04       3.16 f
  u_credit_reg/U14/Y (AO22X1_RVT)                         0.05       3.21 f
  u_credit_reg/U18/Y (AO22X1_RVT)                         0.05       3.26 f
  u_credit_reg/U22/Y (NAND2X0_RVT)                        0.05       3.31 r
  u_credit_reg/U24/Y (NAND2X0_RVT)                        0.05       3.35 f
  u_credit_reg/U28/Y (NAND2X0_RVT)                        0.06       3.41 r
  u_credit_reg/U30/Y (AO21X1_RVT)                         0.07       3.47 r
  u_credit_reg/U35/Y (INVX0_RVT)                          0.03       3.50 f
  u_credit_reg/U36/Y (AO21X1_RVT)                         0.04       3.55 f
  u_credit_reg/U37/Y (INVX0_RVT)                          0.04       3.59 r
  u_credit_reg/U41/Y (OA222X1_RVT)                        0.07       3.66 r
  u_credit_reg/U44/Y (OR3X1_RVT)                          0.06       3.72 r
  u_credit_reg/U5/Y (NAND2X0_RVT)                         0.04       3.76 f
  u_credit_reg/U3/Y (AND2X1_RVT)                          0.05       3.81 f
  u_credit_reg/U48/SO (HADDX1_RVT)                        0.08       3.89 r
  u_credit_reg/U49/Y (AND2X1_RVT)                         0.04       3.93 r
  u_credit_reg/credit_reg[7]/D (DFFX1_RVT)                0.01       3.94 r
  data arrival time                                                  3.94

  clock clk (rise edge)                                  20.00      20.00
  clock network delay (ideal)                             0.00      20.00
  clock uncertainty                                      -0.20      19.80
  u_credit_reg/credit_reg[7]/CLK (DFFX1_RVT)              0.00      19.80 r
  library setup time                                     -0.03      19.77
  data required time                                                19.77
  --------------------------------------------------------------------------
  data required time                                                19.77
  data arrival time                                                 -3.94
  --------------------------------------------------------------------------
  slack (MET)                                                       15.83


  Startpoint: coin_in[1] (input port clocked by clk)
  Endpoint: u_credit_reg/credit_reg[6]
            (rising edge-triggered flip-flop clocked by clk)
  Path Group: clk
  Path Type: max

  Des/Clust/Port     Wire Load Model       Library
  ------------------------------------------------
  vending_top        8000                  saed32rvt_tt1p05v25c
  credit_reg         ForQA                 saed32rvt_tt1p05v25c

  Point                                                   Incr       Path
  --------------------------------------------------------------------------
  clock clk (rise edge)                                   0.00       0.00
  clock network delay (ideal)                             0.00       0.00
  input external delay                                    3.00       3.00 r
  coin_in[1] (in)                                         0.00       3.00 r
  u_credit_reg/coin_in[1] (credit_reg)                    0.00       3.00 r
  u_credit_reg/U6/Y (INVX0_RVT)                           0.06       3.06 f
  u_credit_reg/U7/Y (NAND2X0_RVT)                         0.06       3.12 r
  u_credit_reg/U8/Y (INVX0_RVT)                           0.04       3.16 f
  u_credit_reg/U14/Y (AO22X1_RVT)                         0.05       3.21 f
  u_credit_reg/U18/Y (AO22X1_RVT)                         0.05       3.26 f
  u_credit_reg/U22/Y (NAND2X0_RVT)                        0.05       3.31 r
  u_credit_reg/U24/Y (NAND2X0_RVT)                        0.05       3.35 f
  u_credit_reg/U28/Y (NAND2X0_RVT)                        0.06       3.41 r
  u_credit_reg/U30/Y (AO21X1_RVT)                         0.07       3.47 r
  u_credit_reg/U35/Y (INVX0_RVT)                          0.03       3.50 f
  u_credit_reg/U36/Y (AO21X1_RVT)                         0.04       3.55 f
  u_credit_reg/U37/Y (INVX0_RVT)                          0.04       3.59 r
  u_credit_reg/U41/Y (OA222X1_RVT)                        0.07       3.66 r
  u_credit_reg/U44/Y (OR3X1_RVT)                          0.06       3.72 r
  u_credit_reg/U45/Y (NAND3X0_RVT)                        0.06       3.78 f
  u_credit_reg/U46/Y (INVX0_RVT)                          0.04       3.82 r
  u_credit_reg/U47/Y (OA221X1_RVT)                        0.06       3.88 r
  u_credit_reg/credit_reg[6]/D (DFFX1_RVT)                0.01       3.89 r
  data arrival time                                                  3.89

  clock clk (rise edge)                                  20.00      20.00
  clock network delay (ideal)                             0.00      20.00
  clock uncertainty                                      -0.20      19.80
  u_credit_reg/credit_reg[6]/CLK (DFFX1_RVT)              0.00      19.80 r
  library setup time                                     -0.03      19.77
  data required time                                                19.77
  --------------------------------------------------------------------------
  data required time                                                19.77
  data arrival time                                                 -3.89
  --------------------------------------------------------------------------
  slack (MET)                                                       15.87


  Startpoint: coin_in[1] (input port clocked by clk)
  Endpoint: u_credit_reg/credit_reg[5]
            (rising edge-triggered flip-flop clocked by clk)
  Path Group: clk
  Path Type: max

  Des/Clust/Port     Wire Load Model       Library
  ------------------------------------------------
  vending_top        8000                  saed32rvt_tt1p05v25c
  credit_reg         ForQA                 saed32rvt_tt1p05v25c

  Point                                                   Incr       Path
  --------------------------------------------------------------------------
  clock clk (rise edge)                                   0.00       0.00
  clock network delay (ideal)                             0.00       0.00
  input external delay                                    3.00       3.00 f
  coin_in[1] (in)                                         0.00       3.00 f
  u_credit_reg/coin_in[1] (credit_reg)                    0.00       3.00 f
  u_credit_reg/U6/Y (INVX0_RVT)                           0.05       3.05 r
  u_credit_reg/U7/Y (NAND2X0_RVT)                         0.05       3.10 f
  u_credit_reg/U8/Y (INVX0_RVT)                           0.04       3.15 r
  u_credit_reg/U14/Y (AO22X1_RVT)                         0.06       3.20 r
  u_credit_reg/U18/Y (AO22X1_RVT)                         0.06       3.26 r
  u_credit_reg/U22/Y (NAND2X0_RVT)                        0.05       3.31 f
  u_credit_reg/U24/Y (NAND2X0_RVT)                        0.05       3.36 r
  u_credit_reg/U28/Y (NAND2X0_RVT)                        0.05       3.41 f
  u_credit_reg/U30/Y (AO21X1_RVT)                         0.07       3.47 f
  u_credit_reg/U35/Y (INVX0_RVT)                          0.03       3.50 r
  u_credit_reg/U36/Y (AO21X1_RVT)                         0.04       3.55 r
  u_credit_reg/U37/Y (INVX0_RVT)                          0.04       3.59 f
  u_credit_reg/U38/Y (OA221X1_RVT)                        0.07       3.66 f
  u_credit_reg/U39/Y (INVX0_RVT)                          0.03       3.69 r
  u_credit_reg/U40/Y (OA221X1_RVT)                        0.06       3.75 r
  u_credit_reg/credit_reg[5]/D (DFFX1_RVT)                0.01       3.76 r
  data arrival time                                                  3.76

  clock clk (rise edge)                                  20.00      20.00
  clock network delay (ideal)                             0.00      20.00
  clock uncertainty                                      -0.20      19.80
  u_credit_reg/credit_reg[5]/CLK (DFFX1_RVT)              0.00      19.80 r
  library setup time                                     -0.03      19.77
  data required time                                                19.77
  --------------------------------------------------------------------------
  data required time                                                19.77
  data arrival time                                                 -3.76
  --------------------------------------------------------------------------
  slack (MET)                                                       16.00


  Startpoint: sel_item[0]
              (input port clocked by clk)
  Endpoint: u_memory/mem_array_reg[3][stock][7]
            (rising edge-triggered flip-flop clocked by clk)
  Path Group: clk
  Path Type: max

  Des/Clust/Port     Wire Load Model       Library
  ------------------------------------------------
  vending_top        8000                  saed32rvt_tt1p05v25c
  memory             8000                  saed32rvt_tt1p05v25c

  Point                                                   Incr       Path
  --------------------------------------------------------------------------
  clock clk (rise edge)                                   0.00       0.00
  clock network delay (ideal)                             0.00       0.00
  input external delay                                    3.00       3.00 f
  sel_item[0] (in)                                        0.00       3.00 f
  u_memory/sel_item[0] (memory)                           0.00       3.00 f
  u_memory/U7/Y (MUX41X1_RVT)                             0.21       3.21 r
  u_memory/U8/Y (INVX0_RVT)                               0.04       3.25 f
  u_memory/U41/Y (NAND2X0_RVT)                            0.05       3.30 r
  u_memory/U48/Y (OR2X1_RVT)                              0.06       3.36 r
  u_memory/U49/Y (OR2X1_RVT)                              0.05       3.41 r
  u_memory/U53/Y (OR2X1_RVT)                              0.05       3.47 r
  u_memory/U57/Y (OR2X1_RVT)                              0.05       3.52 r
  u_memory/U61/Y (NOR2X0_RVT)                             0.06       3.59 f
  u_memory/U64/SO (HADDX1_RVT)                            0.09       3.68 r
  u_memory/U65/Y (AO22X1_RVT)                             0.05       3.73 r
  u_memory/mem_array_reg[3][stock][7]/D (DFFX1_RVT)       0.01       3.75 r
  data arrival time                                                  3.75

  clock clk (rise edge)                                  20.00      20.00
  clock network delay (ideal)                             0.00      20.00
  clock uncertainty                                      -0.20      19.80
  u_memory/mem_array_reg[3][stock][7]/CLK (DFFX1_RVT)     0.00      19.80 r
  library setup time                                     -0.03      19.77
  data required time                                                19.77
  --------------------------------------------------------------------------
  data required time                                                19.77
  data arrival time                                                 -3.75
  --------------------------------------------------------------------------
  slack (MET)                                                       16.02


  Startpoint: sel_item[0]
              (input port clocked by clk)
  Endpoint: u_memory/mem_array_reg[0][stock][7]
            (rising edge-triggered flip-flop clocked by clk)
  Path Group: clk
  Path Type: max

  Des/Clust/Port     Wire Load Model       Library
  ------------------------------------------------
  vending_top        8000                  saed32rvt_tt1p05v25c
  memory             8000                  saed32rvt_tt1p05v25c

  Point                                                   Incr       Path
  --------------------------------------------------------------------------
  clock clk (rise edge)                                   0.00       0.00
  clock network delay (ideal)                             0.00       0.00
  input external delay                                    3.00       3.00 f
  sel_item[0] (in)                                        0.00       3.00 f
  u_memory/sel_item[0] (memory)                           0.00       3.00 f
  u_memory/U7/Y (MUX41X1_RVT)                             0.21       3.21 r
  u_memory/U8/Y (INVX0_RVT)                               0.04       3.25 f
  u_memory/U41/Y (NAND2X0_RVT)                            0.05       3.30 r
  u_memory/U48/Y (OR2X1_RVT)                              0.06       3.36 r
  u_memory/U49/Y (OR2X1_RVT)                              0.05       3.41 r
  u_memory/U53/Y (OR2X1_RVT)                              0.05       3.47 r
  u_memory/U57/Y (OR2X1_RVT)                              0.05       3.52 r
  u_memory/U61/Y (NOR2X0_RVT)                             0.06       3.59 f
  u_memory/U64/SO (HADDX1_RVT)                            0.09       3.68 r
  u_memory/U103/Y (AO22X1_RVT)                            0.05       3.73 r
  u_memory/mem_array_reg[0][stock][7]/D (DFFX1_RVT)       0.01       3.75 r
  data arrival time                                                  3.75

  clock clk (rise edge)                                  20.00      20.00
  clock network delay (ideal)                             0.00      20.00
  clock uncertainty                                      -0.20      19.80
  u_memory/mem_array_reg[0][stock][7]/CLK (DFFX1_RVT)     0.00      19.80 r
  library setup time                                     -0.03      19.77
  data required time                                                19.77
  --------------------------------------------------------------------------
  data required time                                                19.77
  data arrival time                                                 -3.75
  --------------------------------------------------------------------------
  slack (MET)                                                       16.02


  Startpoint: sel_item[0]
              (input port clocked by clk)
  Endpoint: u_memory/mem_array_reg[1][stock][7]
            (rising edge-triggered flip-flop clocked by clk)
  Path Group: clk
  Path Type: max

  Des/Clust/Port     Wire Load Model       Library
  ------------------------------------------------
  vending_top        8000                  saed32rvt_tt1p05v25c
  memory             8000                  saed32rvt_tt1p05v25c

  Point                                                   Incr       Path
  --------------------------------------------------------------------------
  clock clk (rise edge)                                   0.00       0.00
  clock network delay (ideal)                             0.00       0.00
  input external delay                                    3.00       3.00 f
  sel_item[0] (in)                                        0.00       3.00 f
  u_memory/sel_item[0] (memory)                           0.00       3.00 f
  u_memory/U7/Y (MUX41X1_RVT)                             0.21       3.21 r
  u_memory/U8/Y (INVX0_RVT)                               0.04       3.25 f
  u_memory/U41/Y (NAND2X0_RVT)                            0.05       3.30 r
  u_memory/U48/Y (OR2X1_RVT)                              0.06       3.36 r
  u_memory/U49/Y (OR2X1_RVT)                              0.05       3.41 r
  u_memory/U53/Y (OR2X1_RVT)                              0.05       3.47 r
  u_memory/U57/Y (OR2X1_RVT)                              0.05       3.52 r
  u_memory/U61/Y (NOR2X0_RVT)                             0.06       3.59 f
  u_memory/U64/SO (HADDX1_RVT)                            0.09       3.68 r
  u_memory/U91/Y (AO22X1_RVT)                             0.05       3.73 r
  u_memory/mem_array_reg[1][stock][7]/D (DFFX1_RVT)       0.01       3.75 r
  data arrival time                                                  3.75

  clock clk (rise edge)                                  20.00      20.00
  clock network delay (ideal)                             0.00      20.00
  clock uncertainty                                      -0.20      19.80
  u_memory/mem_array_reg[1][stock][7]/CLK (DFFX1_RVT)     0.00      19.80 r
  library setup time                                     -0.03      19.77
  data required time                                                19.77
  --------------------------------------------------------------------------
  data required time                                                19.77
  data arrival time                                                 -3.75
  --------------------------------------------------------------------------
  slack (MET)                                                       16.02


  Startpoint: sel_item[0]
              (input port clocked by clk)
  Endpoint: u_memory/mem_array_reg[2][stock][7]
            (rising edge-triggered flip-flop clocked by clk)
  Path Group: clk
  Path Type: max

  Des/Clust/Port     Wire Load Model       Library
  ------------------------------------------------
  vending_top        8000                  saed32rvt_tt1p05v25c
  memory             8000                  saed32rvt_tt1p05v25c

  Point                                                   Incr       Path
  --------------------------------------------------------------------------
  clock clk (rise edge)                                   0.00       0.00
  clock network delay (ideal)                             0.00       0.00
  input external delay                                    3.00       3.00 f
  sel_item[0] (in)                                        0.00       3.00 f
  u_memory/sel_item[0] (memory)                           0.00       3.00 f
  u_memory/U7/Y (MUX41X1_RVT)                             0.21       3.21 r
  u_memory/U8/Y (INVX0_RVT)                               0.04       3.25 f
  u_memory/U41/Y (NAND2X0_RVT)                            0.05       3.30 r
  u_memory/U48/Y (OR2X1_RVT)                              0.06       3.36 r
  u_memory/U49/Y (OR2X1_RVT)                              0.05       3.41 r
  u_memory/U53/Y (OR2X1_RVT)                              0.05       3.47 r
  u_memory/U57/Y (OR2X1_RVT)                              0.05       3.52 r
  u_memory/U61/Y (NOR2X0_RVT)                             0.06       3.59 f
  u_memory/U64/SO (HADDX1_RVT)                            0.09       3.68 r
  u_memory/U78/Y (AO22X1_RVT)                             0.05       3.73 r
  u_memory/mem_array_reg[2][stock][7]/D (DFFX1_RVT)       0.01       3.75 r
  data arrival time                                                  3.75

  clock clk (rise edge)                                  20.00      20.00
  clock network delay (ideal)                             0.00      20.00
  clock uncertainty                                      -0.20      19.80
  u_memory/mem_array_reg[2][stock][7]/CLK (DFFX1_RVT)     0.00      19.80 r
  library setup time                                     -0.03      19.77
  data required time                                                19.77
  --------------------------------------------------------------------------
  data required time                                                19.77
  data arrival time                                                 -3.75
  --------------------------------------------------------------------------
  slack (MET)                                                       16.02


  Startpoint: sel_item[0]
              (input port clocked by clk)
  Endpoint: u_memory/mem_array_reg[3][stock][6]
            (rising edge-triggered flip-flop clocked by clk)
  Path Group: clk
  Path Type: max

  Des/Clust/Port     Wire Load Model       Library
  ------------------------------------------------
  vending_top        8000                  saed32rvt_tt1p05v25c
  memory             8000                  saed32rvt_tt1p05v25c

  Point                                                   Incr       Path
  --------------------------------------------------------------------------
  clock clk (rise edge)                                   0.00       0.00
  clock network delay (ideal)                             0.00       0.00
  input external delay                                    3.00       3.00 f
  sel_item[0] (in)                                        0.00       3.00 f
  u_memory/sel_item[0] (memory)                           0.00       3.00 f
  u_memory/U7/Y (MUX41X1_RVT)                             0.21       3.21 f
  u_memory/U8/Y (INVX0_RVT)                               0.04       3.25 r
  u_memory/U41/Y (NAND2X0_RVT)                            0.05       3.30 f
  u_memory/U48/Y (OR2X1_RVT)                              0.06       3.36 f
  u_memory/U49/Y (OR2X1_RVT)                              0.05       3.41 f
  u_memory/U53/Y (OR2X1_RVT)                              0.05       3.47 f
  u_memory/U57/Y (OR2X1_RVT)                              0.05       3.52 f
  u_memory/U61/Y (NOR2X0_RVT)                             0.06       3.58 r
  u_memory/U62/Y (AO21X1_RVT)                             0.05       3.63 r
  u_memory/U63/Y (AO22X1_RVT)                             0.06       3.69 r
  u_memory/mem_array_reg[3][stock][6]/D (DFFX1_RVT)       0.01       3.70 r
  data arrival time                                                  3.70

  clock clk (rise edge)                                  20.00      20.00
  clock network delay (ideal)                             0.00      20.00
  clock uncertainty                                      -0.20      19.80
  u_memory/mem_array_reg[3][stock][6]/CLK (DFFX1_RVT)     0.00      19.80 r
  library setup time                                     -0.03      19.77
  data required time                                                19.77
  --------------------------------------------------------------------------
  data required time                                                19.77
  data arrival time                                                 -3.70
  --------------------------------------------------------------------------
  slack (MET)                                                       16.07


  Startpoint: sel_item[0]
              (input port clocked by clk)
  Endpoint: u_memory/mem_array_reg[0][stock][6]
            (rising edge-triggered flip-flop clocked by clk)
  Path Group: clk
  Path Type: max

  Des/Clust/Port     Wire Load Model       Library
  ------------------------------------------------
  vending_top        8000                  saed32rvt_tt1p05v25c
  memory             8000                  saed32rvt_tt1p05v25c

  Point                                                   Incr       Path
  --------------------------------------------------------------------------
  clock clk (rise edge)                                   0.00       0.00
  clock network delay (ideal)                             0.00       0.00
  input external delay                                    3.00       3.00 f
  sel_item[0] (in)                                        0.00       3.00 f
  u_memory/sel_item[0] (memory)                           0.00       3.00 f
  u_memory/U7/Y (MUX41X1_RVT)                             0.21       3.21 f
  u_memory/U8/Y (INVX0_RVT)                               0.04       3.25 r
  u_memory/U41/Y (NAND2X0_RVT)                            0.05       3.30 f
  u_memory/U48/Y (OR2X1_RVT)                              0.06       3.36 f
  u_memory/U49/Y (OR2X1_RVT)                              0.05       3.41 f
  u_memory/U53/Y (OR2X1_RVT)                              0.05       3.47 f
  u_memory/U57/Y (OR2X1_RVT)                              0.05       3.52 f
  u_memory/U61/Y (NOR2X0_RVT)                             0.06       3.58 r
  u_memory/U62/Y (AO21X1_RVT)                             0.05       3.63 r
  u_memory/U102/Y (AO22X1_RVT)                            0.06       3.69 r
  u_memory/mem_array_reg[0][stock][6]/D (DFFX1_RVT)       0.01       3.70 r
  data arrival time                                                  3.70

  clock clk (rise edge)                                  20.00      20.00
  clock network delay (ideal)                             0.00      20.00
  clock uncertainty                                      -0.20      19.80
  u_memory/mem_array_reg[0][stock][6]/CLK (DFFX1_RVT)     0.00      19.80 r
  library setup time                                     -0.03      19.77
  data required time                                                19.77
  --------------------------------------------------------------------------
  data required time                                                19.77
  data arrival time                                                 -3.70
  --------------------------------------------------------------------------
  slack (MET)                                                       16.07


  Startpoint: sel_item[0]
              (input port clocked by clk)
  Endpoint: u_memory/mem_array_reg[1][stock][6]
            (rising edge-triggered flip-flop clocked by clk)
  Path Group: clk
  Path Type: max

  Des/Clust/Port     Wire Load Model       Library
  ------------------------------------------------
  vending_top        8000                  saed32rvt_tt1p05v25c
  memory             8000                  saed32rvt_tt1p05v25c

  Point                                                   Incr       Path
  --------------------------------------------------------------------------
  clock clk (rise edge)                                   0.00       0.00
  clock network delay (ideal)                             0.00       0.00
  input external delay                                    3.00       3.00 f
  sel_item[0] (in)                                        0.00       3.00 f
  u_memory/sel_item[0] (memory)                           0.00       3.00 f
  u_memory/U7/Y (MUX41X1_RVT)                             0.21       3.21 f
  u_memory/U8/Y (INVX0_RVT)                               0.04       3.25 r
  u_memory/U41/Y (NAND2X0_RVT)                            0.05       3.30 f
  u_memory/U48/Y (OR2X1_RVT)                              0.06       3.36 f
  u_memory/U49/Y (OR2X1_RVT)                              0.05       3.41 f
  u_memory/U53/Y (OR2X1_RVT)                              0.05       3.47 f
  u_memory/U57/Y (OR2X1_RVT)                              0.05       3.52 f
  u_memory/U61/Y (NOR2X0_RVT)                             0.06       3.58 r
  u_memory/U62/Y (AO21X1_RVT)                             0.05       3.63 r
  u_memory/U90/Y (AO22X1_RVT)                             0.06       3.69 r
  u_memory/mem_array_reg[1][stock][6]/D (DFFX1_RVT)       0.01       3.70 r
  data arrival time                                                  3.70

  clock clk (rise edge)                                  20.00      20.00
  clock network delay (ideal)                             0.00      20.00
  clock uncertainty                                      -0.20      19.80
  u_memory/mem_array_reg[1][stock][6]/CLK (DFFX1_RVT)     0.00      19.80 r
  library setup time                                     -0.03      19.77
  data required time                                                19.77
  --------------------------------------------------------------------------
  data required time                                                19.77
  data arrival time                                                 -3.70
  --------------------------------------------------------------------------
  slack (MET)                                                       16.07


1
