**************************************************
Report         : svf_operation
                 -status accepted 

Reference      : r:/WORK/vending_top
Implementation : i:/WORK/vending_top
Version        : X-2025.06-SP3
Date           : Fri Jul 31 15:12:54 2026
**************************************************

## SVF Operation 1 (Line: 21) - environment.  Status: accepted
## Operation Id: 1
guide_environment \
  { { dc_product_version X-2025.06-SP2 } \
    { dc_product_build_date { Aug 27, 2025 } } \
    { bus_dimension_separator_style ][ } \
    { bus_extraction_style %s\[%d:%d\] } \
    { bus_multiple_separator_style , } \
    { bus_naming_style %s[%d] } \
    { bus_range_separator_style : } \
    { dc_allow_rtl_pg false } \
    { hdlin_allow_4state_parameters TRUE } \
    { hdlin_unified_rtl_read FALSE } \
    { hdlin_enable_hier_naming FALSE } \
    { hdlin_enable_upf_compatible_naming FALSE } \
    { hdlin_vhdl_preserve_case FALSE } \
    { hdlin_generate_naming_style %s_%d } \
    { hdlin_generate_separator_style _ } \
    { hdlin_infer_enumerated_types FALSE } \
    { hdlin_interface_port_downto FALSE } \
    { hdlin_optimize_enum_types FALSE } \
    { hdlin_preserve_sequential none } \
    { hdlin_sverilog_std 2017 } \
    { hdlin_sv_packages dont_chain } \
    { hdlin_sv_union_member_naming FALSE } \
    { hdlin_vhdl_std 2008 } \
    { hdlin_vrlg_std 2005 } \
    { hdlin_v2005_replication_semantics TRUE } \
    { hdlin_while_loop_iterations 4096 } \
    { hdlin_enable_verilog_configurations_canonical TRUE } \
    { hdlin_enable_verilog_configurations_array_n_block TRUE } \
    { hdlin_enable_persistent_macros FALSE } \
    { hdlin_persistent_macros_filename syn_auto_generated_macro_file.sv } \
    { link_portname_allow_period_to_match_underscore false } \
    { link_portname_allow_square_bracket_to_match_underscore false } \
    { port_complement_naming_style %s_BAR } \
    { simplified_verification_mode FALSE } \
    { template_naming_style %s_%p } \
    { template_parameter_style %s%d } \
    { template_separator_style _ } \
    { upf_iso_filter_elements_with_applies_to ENABLE } \
    { upf_isols_allow_instances_in_elements true } \
    { link_library { * /home/anderson.pereira/CIExpert/git-pessoal/assignments/vending_machine/libs/saed32rvt_tt1p05v25c.db } } \
    { target_library /home/anderson.pereira/CIExpert/git-pessoal/assignments/vending_machine/libs/saed32rvt_tt1p05v25c.db } \
    { search_path { . /Tools/synopsys/syn/X-2025.06-SP2/libraries/syn /Tools/synopsys/syn/X-2025.06-SP2/dw/syn_ver /Tools/synopsys/syn/X-2025.06-SP2/dw/sim_ver } } \
    { hdlin_fmsvf_enable_div_by_pow2 true } \
    { synopsys_root /Tools/synopsys/syn/X-2025.06-SP2 } \
    { cwd /home/anderson.pereira/CIExpert/git-pessoal/assignments/vending_machine/build/dft } \
    { read_verilog /home/anderson.pereira/CIExpert/git-pessoal/assignments/vending_machine/build/synthesis/vending_top_syn.v } \
    { current_design vending_top } \
    { compile_seqmap_propagate_high_effort true } } 

## SVF Operation 2 (Line: 72) - uniquify.  Status: accepted
## Operation Id: 2
guide_uniquify \
  -design { vending_top } \
  { { u_control_unit control_unit_test_1 } } 

## SVF Operation 3 (Line: 77) - uniquify.  Status: accepted
## Operation Id: 3
guide_uniquify \
  -design { vending_top } \
  { { u_credit_reg credit_reg_test_1 } } 

## SVF Operation 4 (Line: 82) - uniquify.  Status: accepted
## Operation Id: 4
guide_uniquify \
  -design { vending_top } \
  { { u_memory memory_test_1 } } 

## SVF Operation 5 (Line: 87) - scan_input.  Status: accepted
## Operation Id: 5
guide_scan_input \
  -design { vending_top } \
  -disable_value 0 \
  -ports { scan_enable } 

## SVF Operation 6 (Line: 93) - environment.  Status: accepted
## Operation Id: 6
guide_environment \
  { { precompile_db_list /home/anderson.pereira/CIExpert/git-pessoal/assignments/vending_machine/libs/saed32rvt_tt1p05v25c.db } } 

## SVF Operation 7 (Line: 97) - environment.  Status: accepted
## Operation Id: 7
guide_environment \
  { { postcompile_db_list /home/anderson.pereira/CIExpert/git-pessoal/assignments/vending_machine/libs/saed32rvt_tt1p05v25c.db } } 

## SVF Operation 8 (Line: 101) - environment.  Status: accepted
## Operation Id: 8
guide_environment \
  { { write_file { -format verilog -hierarchy -output /home/anderson.pereira/CIExpert/git-pessoal/assignments/vending_machine/reports/dft/vending_top_netlist_scan.v } } \
    { write_file { -format ddc -hierarchy -output /home/anderson.pereira/CIExpert/git-pessoal/assignments/vending_machine/reports/dft/vending_top.ddc } } \
    { compile_seqmap_propagate_high_effort true } } 

1
