In mode: all_dft...
  Pre-DFT DRC enabled
Information: Changed wire load model for 'control_unit' from '(none)' to 'ForQA'. (OPT-170)
Information: Changed wire load model for 'subtractor' from '(none)' to 'ForQA'. (OPT-170)
Information: Changed wire load model for 'comparator' from '(none)' to 'ForQA'. (OPT-170)
Information: Changed wire load model for 'memory' from '(none)' to '8000'. (OPT-170)
Information: Changed wire load model for 'vending_top' from 'ForQA' to '8000'. (OPT-170)

Information: Starting test design rule checking. (TEST-222)
  Loading test protocol
  ...basic checks...
  ...basic sequential cell checks...
  	...checking for scan equivalents...
  ...checking vector rules...
  ...checking pre-dft rules...

-----------------------------------------------------------------
  DRC Report

  Total violations: 0

-----------------------------------------------------------------


Test Design rule checking did not find violations

-----------------------------------------------------------------
  Sequential Cell Report

  0 out of 66 sequential cells have violations

-----------------------------------------------------------------

SEQUENTIAL CELLS WITHOUT VIOLATIONS
      *  66 cells are valid scan cells

Information: Test design rule checking completed. (TEST-123)
1
